main.c:128:6:Adc_read_V_Measure	24	static
main.c:140:6:Adc_read_I_Measure	24	static
main.c:153:6:InitializeIO	8	static
main.c:173:6:command_unknown	16	static
main.c:180:6:send_OK	16	static
main.c:187:6:command_cell_on	8	static
main.c:193:6:command_cell_off	8	static
main.c:199:6:command_mode_potentiostatic	8	static
main.c:205:6:command_mode_galvanostatic	8	static
main.c:211:6:command_range1	8	static
main.c:221:6:command_range2	8	static
main.c:231:6:command_range3	8	static
main.c:241:6:command_range4	8	static
main.c:251:6:command_set_dac_Internal	24	static
main.c:265:6:command_set_dac	16	static
main.c:271:6:command_calibrate_dac	16	static
main.c:282:6:command_calibrate_dac_Internal	16	static
main.c:293:6:command_read_adc_Internal	16	static
main.c:308:6:command_read_adc	24	static
main.c:324:6:command_read_offset	8	static
main.c:331:6:command_save_offset	16	static
main.c:336:6:command_read_shuntcalibration	8	static
main.c:343:6:command_save_shuntcalibration	16	static
main.c:349:6:command_read_dac_cal	8	static
main.c:356:6:command_set_dac_cal	16	static
main.c:364:6:command_set_dac_cal_Internal	16	static
main.c:372:6:measure_dpv	8	static
main.c:377:6:interpret_command	8	static
main.c:436:6:HAL_ADC_ConvCpltCallback	24	static
main.c:459:9:updateAdcInternal	16	static
main.c:502:6:isActiveAdcDacInteral	16	static
main.c:520:5:main	8	static
main.c:601:6:SystemClock_Config	112	static
main.c:644:13:MX_ADC_Init	24	static
main.c:702:13:MX_DAC_Init	16	static
main.c:739:13:MX_TIM1_Init	32	static
main.c:784:13:MX_GPIO_Init	48	static
main.c:839:6:Error_Handler	8	static
