main.c:134:6:Adc_read_V_Measure	24	static
main.c:146:6:Adc_read_I_Measure	24	static
main.c:159:6:InitializeIO	8	static
main.c:179:6:command_unknown	16	static
main.c:186:6:send_OK	16	static
main.c:193:6:command_cell_on	8	static
main.c:199:6:command_cell_off	8	static
main.c:205:6:command_mode_potentiostatic	8	static
main.c:211:6:command_mode_galvanostatic	8	static
main.c:217:6:command_range1	8	static
main.c:227:6:command_range2	8	static
main.c:237:6:command_range3	8	static
main.c:247:6:command_range4	8	static
main.c:257:6:command_set_dac_Internal	24	static
main.c:271:6:command_set_dac	16	static
main.c:277:6:command_calibrate_dac	16	static
main.c:288:6:command_calibrate_dac_Internal	16	static
main.c:299:6:command_read_adc_Internal	16	static
main.c:314:6:command_read_adc	24	static
main.c:330:6:command_read_offset	8	static
main.c:337:6:command_save_offset	16	static
main.c:342:6:command_read_shuntcalibration	8	static
main.c:349:6:command_save_shuntcalibration	16	static
main.c:355:6:command_read_dac_cal	8	static
main.c:362:6:command_set_dac_cal	16	static
main.c:370:6:command_set_dac_cal_Internal	16	static
main.c:378:6:measure_dpv	8	static
main.c:383:6:interpret_command	8	static
main.c:442:6:HAL_ADC_ConvCpltCallback	24	static
main.c:465:9:updateAdcInternal	16	static
main.c:508:6:isActiveAdcDacInteral	16	static
main.c:521:6:HAL_TIM_PeriodElapsedCallback	16	static
main.c:528:9:delayTimeMs	24	static
main.c:560:5:main	24	static
main.c:647:6:SystemClock_Config	112	static
main.c:692:13:MX_ADC_Init	24	static
main.c:753:13:MX_DAC_Init	16	static
main.c:793:13:MX_TIM1_Init	32	static
main.c:839:13:MX_TIM2_Init	32	static
main.c:884:13:MX_GPIO_Init	48	static
main.c:953:6:Error_Handler	8	static
