main.c:96:6:Adc_read_V_Measure	24	static
main.c:108:6:Adc_read_I_Measure	24	static
main.c:121:6:InitializeIO	8	static
main.c:141:6:command_unknown	16	static
main.c:148:6:send_OK	16	static
main.c:155:6:command_cell_on	8	static
main.c:161:6:command_cell_off	8	static
main.c:167:6:command_mode_potentiostatic	8	static
main.c:173:6:command_mode_galvanostatic	8	static
main.c:179:6:command_range1	8	static
main.c:189:6:command_range2	8	static
main.c:199:6:command_range3	8	static
main.c:209:6:command_range4	8	static
main.c:219:6:command_set_dac_Internal	24	static
main.c:233:6:command_set_dac	16	static
main.c:239:6:command_calibrate_dac	16	static
main.c:250:6:command_calibrate_dac_Internal	16	static
main.c:261:6:command_read_adc_Internal	16	static
main.c:276:6:command_read_adc	24	static
main.c:292:6:command_read_offset	8	static
main.c:299:6:command_save_offset	16	static
main.c:304:6:command_read_shuntcalibration	8	static
main.c:311:6:command_save_shuntcalibration	16	static
main.c:317:6:command_read_dac_cal	8	static
main.c:324:6:command_set_dac_cal	16	static
main.c:332:6:command_set_dac_cal_Internal	16	static
main.c:340:6:interpret_command	8	static
main.c:397:6:HAL_ADC_ConvCpltCallback	24	static
main.c:420:9:updateAdcInternal	16	static
main.c:463:6:isActiveAdcDacInteral	16	static
main.c:481:5:main	8	static
main.c:551:6:SystemClock_Config	112	static
main.c:594:13:MX_ADC_Init	24	static
main.c:652:13:MX_DAC_Init	16	static
main.c:689:13:MX_TIM1_Init	32	static
main.c:734:13:MX_GPIO_Init	48	static
main.c:789:6:Error_Handler	8	static
